npm notice run belay@0.1.0 npx
npm notice run 'tsx' scripts/rescue-recut-run.ts matrix
{"i":1,"total":250,"variant":"wall-450","n":2,"casualty":1,"bank":"same","surface":"snow","policy":"pull-away","ending":"recovered","rescueSeconds":2.3833333333333333,"finalY":0.45399999618530273,"counterexample":false,"penetrationM":0,"segmentErrorM":0.004997945674948767}
{"i":2,"total":250,"variant":"wall-450","n":2,"casualty":1,"bank":"same","surface":"snow","policy":"fan-out","ending":"recovered","rescueSeconds":2.433333333333333,"finalY":0.45399999618530273,"counterexample":false,"penetrationM":0,"segmentErrorM":0.004997945674948767}
{"i":3,"total":250,"variant":"wall-450","n":2,"casualty":1,"bank":"same","surface":"snow","policy":"static-helpers","ending":"censored","rescueSeconds":null,"finalY":-2.3100454807281494,"counterexample":false,"penetrationM":0,"segmentErrorM":0.0049999255830111}
{"i":4,"total":250,"variant":"wall-450","n":2,"casualty":1,"bank":"same","surface":"snow","policy":"idle-casualty","ending":"censored","rescueSeconds":null,"finalY":-0.14704586565494537,"counterexample":false,"penetrationM":0,"segmentErrorM":0.008369874157454105}
{"i":5,"total":250,"variant":"wall-450","n":2,"casualty":1,"bank":"same","surface":"snow","policy":"frozen-helper","frozenId":0,"frozenBrace":false,"ending":"censored","rescueSeconds":null,"finalY":-2.971879482269287,"counterexample":false,"penetrationM":0,"segmentErrorM":0.004995344942916868}
{"i":6,"total":250,"variant":"wall-450","n":2,"casualty":1,"bank":"same","surface":"snow","policy":"frozen-helper","frozenId":0,"frozenBrace":true,"ending":"censored","rescueSeconds":null,"finalY":-2.3100454807281494,"counterexample":false,"penetrationM":0,"segmentErrorM":0.0049999255830111}
{"i":7,"total":250,"variant":"wall-450","n":2,"casualty":0,"bank":"same","surface":"snow","policy":"pull-away","ending":"terminal","rescueSeconds":null,"finalY":-16.116565704345703,"counterexample":false,"penetrationM":0,"segmentErrorM":0.031787741795994584}
{"i":8,"total":250,"variant":"wall-450","n":2,"casualty":0,"bank":"same","surface":"snow","policy":"static-helpers","ending":"terminal","rescueSeconds":null,"finalY":-19.5830020904541,"counterexample":false,"penetrationM":0,"segmentErrorM":0.031787741795994584}
{"i":9,"total":250,"variant":"wall-450","n":2,"casualty":0,"bank":"same","surface":"snow","policy":"idle-casualty","ending":"terminal","rescueSeconds":null,"finalY":-17.474241256713867,"counterexample":false,"penetrationM":0,"segmentErrorM":0.031787741795994584}
{"i":10,"total":250,"variant":"wall-450","n":2,"casualty":0,"bank":"split","surface":"snow","policy":"pull-away","ending":"terminal","rescueSeconds":null,"finalY":-19.786664962768555,"counterexample":false,"penetrationM":0,"segmentErrorM":0.012683773126293374}
{"i":11,"total":250,"variant":"wall-450","n":2,"casualty":0,"bank":"split","surface":"snow","policy":"static-helpers","ending":"terminal","rescueSeconds":null,"finalY":-19.58056640625,"counterexample":false,"penetrationM":0,"segmentErrorM":0.012683773126293374}
{"i":12,"total":250,"variant":"wall-450","n":2,"casualty":0,"bank":"split","surface":"snow","policy":"idle-casualty","ending":"terminal","rescueSeconds":null,"finalY":-18.863370895385742,"counterexample":false,"penetrationM":0,"segmentErrorM":0.012683773126293374}
{"i":13,"total":250,"variant":"wall-450","n":2,"casualty":1,"bank":"split","surface":"snow","policy":"pull-away","ending":"recovered","rescueSeconds":2.9166666666666665,"finalY":0.45399999618530273,"counterexample":false,"penetrationM":0,"segmentErrorM":0.004999900473445118}
{"i":14,"total":250,"variant":"wall-450","n":2,"casualty":1,"bank":"split","surface":"snow","policy":"static-helpers","ending":"censored","rescueSeconds":null,"finalY":-2.3346023559570312,"counterexample":false,"penetrationM":0,"segmentErrorM":0.004996071810982217}
{"i":15,"total":250,"variant":"wall-450","n":2,"casualty":1,"bank":"split","surface":"snow","policy":"idle-casualty","ending":"censored","rescueSeconds":null,"finalY":-0.14704611897468567,"counterexample":false,"penetrationM":0,"segmentErrorM":0.004999585064943357}
{"i":16,"total":250,"variant":"wall-450","n":2,"casualty":1,"bank":"same","surface":"ice","policy":"pull-away","ending":"censored","rescueSeconds":null,"finalY":-0.1373424082994461,"counterexample":false,"penetrationM":0,"segmentErrorM":0.0049999917293983565}
{"i":17,"total":250,"variant":"wall-450","n":2,"casualty":1,"bank":"same","surface":"ice","policy":"fan-out","ending":"censored","rescueSeconds":null,"finalY":-0.34536314010620117,"counterexample":false,"penetrationM":0,"segmentErrorM":0.025284260541774572}
{"i":18,"total":250,"variant":"wall-450","n":2,"casualty":1,"bank":"same","surface":"ice","policy":"static-helpers","ending":"censored","rescueSeconds":null,"finalY":-2.6235575675964355,"counterexample":false,"penetrationM":0,"segmentErrorM":0.0049949047382110145}
{"i":19,"total":250,"variant":"wall-450","n":2,"casualty":1,"bank":"same","surface":"ice","policy":"idle-casualty","ending":"censored","rescueSeconds":null,"finalY":-0.5150976181030273,"counterexample":false,"penetrationM":0,"segmentErrorM":0.02006429988767655}
{"i":20,"total":250,"variant":"wall-450","n":2,"casualty":1,"bank":"same","surface":"ice","policy":"frozen-helper","frozenId":0,"frozenBrace":false,"ending":"terminal","rescueSeconds":null,"finalY":-16.145971298217773,"counterexample":false,"penetrationM":0,"segmentErrorM":0.0049998623518245355}
{"i":21,"total":250,"variant":"wall-450","n":2,"casualty":1,"bank":"same","surface":"ice","policy":"frozen-helper","frozenId":0,"frozenBrace":true,"ending":"censored","rescueSeconds":null,"finalY":-2.6235575675964355,"counterexample":false,"penetrationM":0,"segmentErrorM":0.0049949047382110145}
{"i":22,"total":250,"variant":"wall-450","n":2,"casualty":0,"bank":"same","surface":"ice","policy":"pull-away","ending":"terminal","rescueSeconds":null,"finalY":-16.085681915283203,"counterexample":false,"penetrationM":0,"segmentErrorM":0.09023990268934096}
{"i":23,"total":250,"variant":"wall-450","n":2,"casualty":0,"bank":"same","surface":"ice","policy":"static-helpers","ending":"terminal","rescueSeconds":null,"finalY":-16.20838737487793,"counterexample":false,"penetrationM":0,"segmentErrorM":0.09023990268934096}
{"i":24,"total":250,"variant":"wall-450","n":2,"casualty":0,"bank":"same","surface":"ice","policy":"idle-casualty","ending":"terminal","rescueSeconds":null,"finalY":-16.105239868164062,"counterexample":false,"penetrationM":0,"segmentErrorM":0.09023990268934096}
{"i":25,"total":250,"variant":"wall-450","n":2,"casualty":0,"bank":"split","surface":"ice","policy":"pull-away","ending":"terminal","rescueSeconds":null,"finalY":-16.123004913330078,"counterexample":false,"penetrationM":0,"segmentErrorM":0.024024863380185557}
{"i":26,"total":250,"variant":"wall-450","n":2,"casualty":0,"bank":"split","surface":"ice","policy":"static-helpers","ending":"terminal","rescueSeconds":null,"finalY":-16.10965919494629,"counterexample":false,"penetrationM":0,"segmentErrorM":0.024024863380185557}
{"i":27,"total":250,"variant":"wall-450","n":2,"casualty":0,"bank":"split","surface":"ice","policy":"idle-casualty","ending":"terminal","rescueSeconds":null,"finalY":-16.193435668945312,"counterexample":false,"penetrationM":0,"segmentErrorM":0.024024863380185557}
{"i":28,"total":250,"variant":"wall-450","n":2,"casualty":1,"bank":"split","surface":"ice","policy":"pull-away","ending":"censored","rescueSeconds":null,"finalY":-0.12884216010570526,"counterexample":false,"penetrationM":0,"segmentErrorM":0.0183371898013851}
{"i":29,"total":250,"variant":"wall-450","n":2,"casualty":1,"bank":"split","surface":"ice","policy":"static-helpers","ending":"censored","rescueSeconds":null,"finalY":-2.942843198776245,"counterexample":false,"penetrationM":0,"segmentErrorM":0.004997598538043879}
{"i":30,"total":250,"variant":"wall-450","n":2,"casualty":1,"bank":"split","surface":"ice","policy":"idle-casualty","ending":"censored","rescueSeconds":null,"finalY":-0.5125464797019958,"counterexample":false,"penetrationM":0,"segmentErrorM":0.022893653337192732}
{"i":31,"total":250,"variant":"wall-450","n":3,"casualty":1,"bank":"same","surface":"snow","policy":"pull-away","ending":"recovered","rescueSeconds":2.783333333333333,"finalY":0.45399999618530273,"counterexample":false,"penetrationM":0,"segmentErrorM":0.004998521377402421}
{"i":32,"total":250,"variant":"wall-450","n":3,"casualty":1,"bank":"same","surface":"snow","policy":"fan-out","ending":"recovered","rescueSeconds":2.65,"finalY":0.45229747891426086,"counterexample":false,"penetrationM":0,"segmentErrorM":0.013525231791048864}
{"i":33,"total":250,"variant":"wall-450","n":3,"casualty":1,"bank":"same","surface":"snow","policy":"static-helpers","ending":"censored","rescueSeconds":null,"finalY":-2.0485477447509766,"counterexample":false,"penetrationM":0,"segmentErrorM":0.0049997573150963315}
{"i":34,"total":250,"variant":"wall-450","n":3,"casualty":1,"bank":"same","surface":"snow","policy":"idle-casualty","ending":"censored","rescueSeconds":null,"finalY":-0.13940417766571045,"counterexample":false,"penetrationM":0,"segmentErrorM":0.004999990303071633}
{"i":35,"total":250,"variant":"wall-450","n":3,"casualty":1,"bank":"same","surface":"snow","policy":"frozen-helper","frozenId":0,"frozenBrace":false,"ending":"censored","rescueSeconds":null,"finalY":-2.2484405040740967,"counterexample":false,"penetrationM":0,"segmentErrorM":0.012832003501113687}
{"i":36,"total":250,"variant":"wall-450","n":3,"casualty":1,"bank":"same","surface":"snow","policy":"frozen-helper","frozenId":0,"frozenBrace":true,"ending":"censored","rescueSeconds":null,"finalY":-2.033203125,"counterexample":false,"penetrationM":0,"segmentErrorM":0.009134359149977567}
{"i":37,"total":250,"variant":"wall-450","n":3,"casualty":1,"bank":"same","surface":"snow","policy":"frozen-helper","frozenId":2,"frozenBrace":false,"ending":"recovered","rescueSeconds":2.3333333333333335,"finalY":0.45399999618530273,"counterexample":true,"penetrationM":0,"segmentErrorM":0.004999492487095469}
{"i":38,"total":250,"variant":"wall-450","n":3,"casualty":1,"bank":"same","surface":"snow","policy":"frozen-helper","frozenId":2,"frozenBrace":true,"ending":"recovered","rescueSeconds":2.4,"finalY":0.45399999618530273,"counterexample":true,"penetrationM":0,"segmentErrorM":0.004999390491197575}
{"i":39,"total":250,"variant":"wall-450","n":3,"casualty":0,"bank":"same","surface":"snow","policy":"pull-away","ending":"terminal","rescueSeconds":null,"finalY":-16.16790008544922,"counterexample":false,"penetrationM":0,"segmentErrorM":0.0850014584701364}
{"i":40,"total":250,"variant":"wall-450","n":3,"casualty":0,"bank":"same","surface":"snow","policy":"static-helpers","ending":"censored","rescueSeconds":null,"finalY":-6.500267505645752,"counterexample":false,"penetrationM":0,"segmentErrorM":0.03189411903787309}
{"i":41,"total":250,"variant":"wall-450","n":3,"casualty":0,"bank":"same","surface":"snow","policy":"idle-casualty","ending":"terminal","rescueSeconds":null,"finalY":-23.21805191040039,"counterexample":false,"penetrationM":0,"segmentErrorM":0.08863594313736206}
{"i":42,"total":250,"variant":"wall-450","n":3,"casualty":0,"bank":"split","surface":"snow","policy":"pull-away","ending":"censored","rescueSeconds":null,"finalY":-1.0560590028762817,"counterexample":false,"penetrationM":0,"segmentErrorM":0.19406680340211224}
{"i":43,"total":250,"variant":"wall-450","n":3,"casualty":0,"bank":"split","surface":"snow","policy":"static-helpers","ending":"censored","rescueSeconds":null,"finalY":-3.1454741954803467,"counterexample":false,"penetrationM":0,"segmentErrorM":0.017076948295049743}
{"i":44,"total":250,"variant":"wall-450","n":3,"casualty":0,"bank":"split","surface":"snow","policy":"idle-casualty","ending":"censored","rescueSeconds":null,"finalY":-2.614593267440796,"counterexample":false,"penetrationM":0,"segmentErrorM":0.017076948295049743}
{"i":45,"total":250,"variant":"wall-450","n":3,"casualty":1,"bank":"split","surface":"snow","policy":"pull-away","ending":"censored","rescueSeconds":null,"finalY":-0.309529185295105,"counterexample":false,"penetrationM":0,"segmentErrorM":0.015505940475139146}
{"i":46,"total":250,"variant":"wall-450","n":3,"casualty":1,"bank":"split","surface":"snow","policy":"static-helpers","ending":"censored","rescueSeconds":null,"finalY":-2.2594821453094482,"counterexample":false,"penetrationM":0,"segmentErrorM":0.015505940475139146}
{"i":47,"total":250,"variant":"wall-450","n":3,"casualty":1,"bank":"split","surface":"snow","policy":"idle-casualty","ending":"censored","rescueSeconds":null,"finalY":-0.309529185295105,"counterexample":false,"penetrationM":0,"segmentErrorM":0.015505940475139146}
{"i":48,"total":250,"variant":"wall-450","n":3,"casualty":2,"bank":"same","surface":"snow","policy":"pull-away","ending":"recovered","rescueSeconds":2.1666666666666665,"finalY":0.45399999618530273,"counterexample":false,"penetrationM":0,"segmentErrorM":0.004997924510408813}
{"i":49,"total":250,"variant":"wall-450","n":3,"casualty":2,"bank":"same","surface":"snow","policy":"static-helpers","ending":"censored","rescueSeconds":null,"finalY":-2.0432119369506836,"counterexample":false,"penetrationM":0,"segmentErrorM":0.004997924510408813}
{"i":50,"total":250,"variant":"wall-450","n":3,"casualty":2,"bank":"same","surface":"snow","policy":"idle-casualty","ending":"censored","rescueSeconds":null,"finalY":-0.1278555542230606,"counterexample":false,"penetrationM":0,"segmentErrorM":0.007002113822963729}
{"i":51,"total":250,"variant":"wall-450","n":3,"casualty":2,"bank":"split","surface":"snow","policy":"pull-away","ending":"recovered","rescueSeconds":2.25,"finalY":0.45399999618530273,"counterexample":false,"penetrationM":0,"segmentErrorM":0.004998169350684145}
{"i":52,"total":250,"variant":"wall-450","n":3,"casualty":2,"bank":"split","surface":"snow","policy":"static-helpers","ending":"censored","rescueSeconds":null,"finalY":-2.3345448970794678,"counterexample":false,"penetrationM":0,"segmentErrorM":0.004998169350684145}
{"i":53,"total":250,"variant":"wall-450","n":3,"casualty":2,"bank":"split","surface":"snow","policy":"idle-casualty","ending":"censored","rescueSeconds":null,"finalY":-0.11910460889339447,"counterexample":false,"penetrationM":0,"segmentErrorM":0.00747923667624395}
{"i":54,"total":250,"variant":"wall-450","n":3,"casualty":1,"bank":"same","surface":"ice","policy":"pull-away","ending":"censored","rescueSeconds":null,"finalY":-0.1279672533273697,"counterexample":false,"penetrationM":0,"segmentErrorM":0.017022610963752294}
{"i":55,"total":250,"variant":"wall-450","n":3,"casualty":1,"bank":"same","surface":"ice","policy":"fan-out","ending":"censored","rescueSeconds":null,"finalY":-0.11571086198091507,"counterexample":false,"penetrationM":0,"segmentErrorM":0.02184331817633972}
{"i":56,"total":250,"variant":"wall-450","n":3,"casualty":1,"bank":"same","surface":"ice","policy":"static-helpers","ending":"censored","rescueSeconds":null,"finalY":-2.3271915912628174,"counterexample":false,"penetrationM":0,"segmentErrorM":0.03857990370204173}
{"i":57,"total":250,"variant":"wall-450","n":3,"casualty":1,"bank":"same","surface":"ice","policy":"idle-casualty","ending":"censored","rescueSeconds":null,"finalY":-1.1111947298049927,"counterexample":false,"penetrationM":0,"segmentErrorM":0.03696351508534251}
{"i":58,"total":250,"variant":"wall-450","n":3,"casualty":1,"bank":"same","surface":"ice","policy":"frozen-helper","frozenId":0,"frozenBrace":false,"ending":"terminal","rescueSeconds":null,"finalY":-19.596603393554688,"counterexample":false,"penetrationM":0,"segmentErrorM":0.0754732710302376}
{"i":59,"total":250,"variant":"wall-450","n":3,"casualty":1,"bank":"same","surface":"ice","policy":"frozen-helper","frozenId":0,"frozenBrace":true,"ending":"censored","rescueSeconds":null,"finalY":-2.3141257762908936,"counterexample":false,"penetrationM":0,"segmentErrorM":0.038279411307170386}
{"i":60,"total":250,"variant":"wall-450","n":3,"casualty":1,"bank":"same","surface":"ice","policy":"frozen-helper","frozenId":2,"frozenBrace":false,"ending":"censored","rescueSeconds":null,"finalY":-0.133161261677742,"counterexample":false,"penetrationM":0,"segmentErrorM":0.005440552237112595}
